<html>
<body>
<pre>
<h1>礦ision Build Log</h1>
<h2>Tool Versions:</h2>
IDE-Version: μVision V5.35.0.0
Copyright (C) 2021 ARM Ltd and ARM Germany GmbH. All rights reserved.
License Information: Larry geehy, geehy, LIC=32B1Q-NYMDM-VELHA-159X1-28WH0-38FNR
 
Tool Versions:
Toolchain:       MDK-ARM Plus  Version: 5.35.0.2
Toolchain Path:  D:\Keil_v5\ARM\ARMCC\Bin
C Compiler:      Armcc.exe V5.06 update 7 (build 960)
Assembler:       Armasm.exe V5.06 update 7 (build 960)
Linker/Locator:  ArmLink.exe V5.06 update 7 (build 960)
Library Manager: ArmAr.exe V5.06 update 7 (build 960)
Hex Converter:   FromElf.exe V5.06 update 7 (build 960)
CPU DLL:         SARMCM3.DLL V5.35.0.2
Dialog DLL:      DCM.DLL V1.17.3.0
Target DLL:      Segger\JL2CM3.dll V2.99.40.0
Dialog DLL:      TCM.DLL V1.53.0.0
 
<h2>Project:</h2>
D:\桌面文件\21IC & Github帖子资料\APM32F103驱动DHT11温湿度显示\APM32F10x_DHT11\Examples\GPIO\Toggle\Project\MDK\GPIO_Toggle.uvprojx
Project File Date:  06/28/2022

<h2>Output:</h2>
*** Using Compiler 'V5.06 update 7 (build 960)', folder: 'D:\Keil_v5\ARM\ARMCC\Bin'
*** Note: Rebuilding project, since 'Options->Output->Create Batch File' is selected.
Rebuild target 'APM32F103'
compiling system_apm32f10x.c...
assembling startup_apm32f10x_hd.s...
compiling apm32f10x_gpio.c...
compiling apm32f10x_rcm.c...
compiling apm32f10x_usart.c...
compiling main.c...
compiling apm32f10x_int.c...
compiling dht11.c...
linking...
Program Size: Code=2296 RO-data=356 RW-data=8 ZI-data=1024  
FromELF: creating hex file...
After Build - User command #1: fromelf --bin -o "D:\桌面文件\21IC & Github帖子资料\APM32F103驱动DHT11温湿度显示\APM32F10x_DHT11\Examples\GPIO\Toggle\Project\MDK\Objects\GPIO_Toggle.bin" "D:\桌面文件\21IC & Github帖子资料\APM32F103驱动DHT11温湿度显示\APM32F10x_DHT11\Examples\GPIO\Toggle\Project\MDK\Objects\GPIO_Toggle.axf"
".\Objects\GPIO_Toggle.axf" - 0 Error(s), 0 Warning(s).

<h2>Software Packages used:</h2>

Package Vendor: Geehy
                https://www.geehy.com/uploads/tool/Geehy.APM32F1xx_DFP.1.0.7.pack
                Geehy.APM32F1xx_DFP.1.0.7
                Geehy Semiconductor APM32F1 Series Device Support, Drivers and Examples

<h2>Collection of Component include folders:</h2>
  D:\Users\geehy\AppData\Local\Arm\Packs\Geehy\APM32F1xx_DFP\1.0.7\Device\Include

<h2>Collection of Component Files used:</h2>
Build Time Elapsed:  00:00:03
</pre>
</body>
</html>
