Component: ARM Compiler 5.06 update 7 (build 960) Tool: armlink [4d3601]

==============================================================================

Section Cross References

    system_apm32f10x.o(i.SystemClockConfig) refers to system_apm32f10x.o(i.SystemClock72M) for SystemClock72M
    system_apm32f10x.o(i.SystemCoreClockUpdate) refers to system_apm32f10x.o(.data) for SystemCoreClock
    system_apm32f10x.o(i.SystemInit) refers to system_apm32f10x.o(i.SystemClockConfig) for SystemClockConfig
    startup_apm32f10x_hd.o(RESET) refers to startup_apm32f10x_hd.o(STACK) for __initial_sp
    startup_apm32f10x_hd.o(RESET) refers to startup_apm32f10x_hd.o(.text) for Reset_Handler
    startup_apm32f10x_hd.o(RESET) refers to apm32f10x_int.o(i.NMI_Handler) for NMI_Handler
    startup_apm32f10x_hd.o(RESET) refers to apm32f10x_int.o(i.HardFault_Handler) for HardFault_Handler
    startup_apm32f10x_hd.o(RESET) refers to apm32f10x_int.o(i.MemManage_Handler) for MemManage_Handler
    startup_apm32f10x_hd.o(RESET) refers to apm32f10x_int.o(i.BusFault_Handler) for BusFault_Handler
    startup_apm32f10x_hd.o(RESET) refers to apm32f10x_int.o(i.UsageFault_Handler) for UsageFault_Handler
    startup_apm32f10x_hd.o(RESET) refers to apm32f10x_int.o(i.SVC_Handler) for SVC_Handler
    startup_apm32f10x_hd.o(RESET) refers to apm32f10x_int.o(i.DebugMon_Handler) for DebugMon_Handler
    startup_apm32f10x_hd.o(RESET) refers to apm32f10x_int.o(i.PendSV_Handler) for PendSV_Handler
    startup_apm32f10x_hd.o(RESET) refers to apm32f10x_int.o(i.SysTick_Handler) for SysTick_Handler
    startup_apm32f10x_hd.o(.text) refers to system_apm32f10x.o(i.SystemInit) for SystemInit
    startup_apm32f10x_hd.o(.text) refers to entry.o(.ARM.Collect$$$$00000000) for __main
    apm32f10x_gpio.o(i.GPIO_AFIOReset) refers to apm32f10x_rcm.o(i.RCM_EnableAPB2PeriphReset) for RCM_EnableAPB2PeriphReset
    apm32f10x_gpio.o(i.GPIO_AFIOReset) refers to apm32f10x_rcm.o(i.RCM_DisableAPB2PeriphReset) for RCM_DisableAPB2PeriphReset
    apm32f10x_gpio.o(i.GPIO_Reset) refers to apm32f10x_rcm.o(i.RCM_EnableAPB2PeriphReset) for RCM_EnableAPB2PeriphReset
    apm32f10x_gpio.o(i.GPIO_Reset) refers to apm32f10x_rcm.o(i.RCM_DisableAPB2PeriphReset) for RCM_DisableAPB2PeriphReset
    apm32f10x_rcm.o(i.RCM_ReadADCCLKFreq) refers to apm32f10x_rcm.o(i.RCM_ReadPCLKFreq) for RCM_ReadPCLKFreq
    apm32f10x_rcm.o(i.RCM_ReadHCLKFreq) refers to apm32f10x_rcm.o(i.RCM_ReadSYSCLKFreq) for RCM_ReadSYSCLKFreq
    apm32f10x_rcm.o(i.RCM_ReadPCLKFreq) refers to apm32f10x_rcm.o(i.RCM_ReadHCLKFreq) for RCM_ReadHCLKFreq
    apm32f10x_usart.o(i.USART_Config) refers to apm32f10x_rcm.o(i.RCM_ReadPCLKFreq) for RCM_ReadPCLKFreq
    apm32f10x_usart.o(i.USART_Reset) refers to apm32f10x_rcm.o(i.RCM_EnableAPB2PeriphReset) for RCM_EnableAPB2PeriphReset
    apm32f10x_usart.o(i.USART_Reset) refers to apm32f10x_rcm.o(i.RCM_DisableAPB2PeriphReset) for RCM_DisableAPB2PeriphReset
    apm32f10x_usart.o(i.USART_Reset) refers to apm32f10x_rcm.o(i.RCM_EnableAPB1PeriphReset) for RCM_EnableAPB1PeriphReset
    apm32f10x_usart.o(i.USART_Reset) refers to apm32f10x_rcm.o(i.RCM_DisableAPB1PeriphReset) for RCM_DisableAPB1PeriphReset
    main.o(i.USART_Init) refers to apm32f10x_rcm.o(i.RCM_EnableAPB2PeriphClock) for RCM_EnableAPB2PeriphClock
    main.o(i.USART_Init) refers to apm32f10x_gpio.o(i.GPIO_Config) for GPIO_Config
    main.o(i.USART_Init) refers to apm32f10x_usart.o(i.USART_Config) for USART_Config
    main.o(i.USART_Init) refers to apm32f10x_usart.o(i.USART_Enable) for USART_Enable
    main.o(i.fputc) refers to apm32f10x_usart.o(i.USART_ReadStatusFlag) for USART_ReadStatusFlag
    main.o(i.fputc) refers to apm32f10x_usart.o(i.USART_TxData) for USART_TxData
    main.o(i.main) refers to main.o(i.USART_Init) for USART_Init
    main.o(i.main) refers to printf1.o(i.__0printf$1) for __2printf
    main.o(i.main) refers to dht11.o(i.DHT11_Read_Data) for DHT11_Read_Data
    main.o(i.main) refers to dht11.o(i.DHT11_Init) for DHT11_Init
    main.o(i.main) refers to main.o(.data) for humidity
    dht11.o(i.DHT11_Check) refers to dht11.o(i.DHT11_IO_IN) for DHT11_IO_IN
    dht11.o(i.DHT11_Check) refers to dht11.o(i.Delay_us) for Delay_us
    dht11.o(i.DHT11_Check) refers to apm32f10x_gpio.o(i.GPIO_ReadInputBit) for GPIO_ReadInputBit
    dht11.o(i.DHT11_IO_IN) refers to apm32f10x_gpio.o(i.GPIO_Config) for GPIO_Config
    dht11.o(i.DHT11_IO_OUT) refers to apm32f10x_gpio.o(i.GPIO_Config) for GPIO_Config
    dht11.o(i.DHT11_Init) refers to apm32f10x_rcm.o(i.RCM_EnableAPB2PeriphClock) for RCM_EnableAPB2PeriphClock
    dht11.o(i.DHT11_Init) refers to dht11.o(i.DHT11_RST) for DHT11_RST
    dht11.o(i.DHT11_Init) refers to dht11.o(i.DHT11_Check) for DHT11_Check
    dht11.o(i.DHT11_RST) refers to dht11.o(i.DHT11_IO_OUT) for DHT11_IO_OUT
    dht11.o(i.DHT11_RST) refers to apm32f10x_gpio.o(i.GPIO_ResetBit) for GPIO_ResetBit
    dht11.o(i.DHT11_RST) refers to dht11.o(i.Delay_ms) for Delay_ms
    dht11.o(i.DHT11_RST) refers to apm32f10x_gpio.o(i.GPIO_SetBit) for GPIO_SetBit
    dht11.o(i.DHT11_RST) refers to dht11.o(i.Delay_us) for Delay_us
    dht11.o(i.DHT11_Read_Bit) refers to dht11.o(i.Delay_us) for Delay_us
    dht11.o(i.DHT11_Read_Bit) refers to apm32f10x_gpio.o(i.GPIO_ReadInputBit) for GPIO_ReadInputBit
    dht11.o(i.DHT11_Read_Byte) refers to dht11.o(i.DHT11_Read_Bit) for DHT11_Read_Bit
    dht11.o(i.DHT11_Read_Data) refers to dht11.o(i.DHT11_RST) for DHT11_RST
    dht11.o(i.DHT11_Read_Data) refers to dht11.o(i.DHT11_Check) for DHT11_Check
    dht11.o(i.DHT11_Read_Data) refers to dht11.o(i.DHT11_Read_Byte) for DHT11_Read_Byte
    entry.o(.ARM.Collect$$$$00000000) refers (Special) to entry10a.o(.ARM.Collect$$$$0000000F) for __rt_final_cpp
    entry.o(.ARM.Collect$$$$00000000) refers (Special) to entry11a.o(.ARM.Collect$$$$00000011) for __rt_final_exit
    entry.o(.ARM.Collect$$$$00000000) refers (Special) to entry12b.o(.ARM.Collect$$$$0000000E) for __rt_lib_shutdown_fini
    entry.o(.ARM.Collect$$$$00000000) refers (Special) to entry7b.o(.ARM.Collect$$$$00000008) for _main_clock
    entry.o(.ARM.Collect$$$$00000000) refers (Special) to entry8b.o(.ARM.Collect$$$$0000000A) for _main_cpp_init
    entry.o(.ARM.Collect$$$$00000000) refers (Special) to entry9a.o(.ARM.Collect$$$$0000000B) for _main_init
    entry.o(.ARM.Collect$$$$00000000) refers (Special) to entry5.o(.ARM.Collect$$$$00000004) for _main_scatterload
    entry.o(.ARM.Collect$$$$00000000) refers (Special) to entry2.o(.ARM.Collect$$$$00000001) for _main_stk
    printfb.o(i.__0fprintf$bare) refers to printfb.o(i._printf_core) for _printf_core
    printfb.o(i.__0fprintf$bare) refers to main.o(i.fputc) for fputc
    printfb.o(i.__0printf$bare) refers to printfb.o(i._printf_core) for _printf_core
    printfb.o(i.__0printf$bare) refers to main.o(i.fputc) for fputc
    printfb.o(i.__0printf$bare) refers to stdout.o(.data) for __stdout
    printfb.o(i.__0snprintf$bare) refers to printfb.o(i._printf_core) for _printf_core
    printfb.o(i.__0snprintf$bare) refers to printfb.o(i._snputc) for _snputc
    printfb.o(i.__0sprintf$bare) refers to printfb.o(i._printf_core) for _printf_core
    printfb.o(i.__0sprintf$bare) refers to printfb.o(i._sputc) for _sputc
    printfb.o(i.__0vfprintf$bare) refers to printfb.o(i._printf_core) for _printf_core
    printfb.o(i.__0vfprintf$bare) refers to main.o(i.fputc) for fputc
    printfb.o(i.__0vprintf$bare) refers to printfb.o(i._printf_core) for _printf_core
    printfb.o(i.__0vprintf$bare) refers to main.o(i.fputc) for fputc
    printfb.o(i.__0vprintf$bare) refers to stdout.o(.data) for __stdout
    printfb.o(i.__0vsnprintf$bare) refers to printfb.o(i._printf_core) for _printf_core
    printfb.o(i.__0vsnprintf$bare) refers to printfb.o(i._snputc) for _snputc
    printfb.o(i.__0vsprintf$bare) refers to printfb.o(i._printf_core) for _printf_core
    printfb.o(i.__0vsprintf$bare) refers to printfb.o(i._sputc) for _sputc
    printf0.o(i.__0fprintf$0) refers to printf0.o(i._printf_core) for _printf_core
    printf0.o(i.__0fprintf$0) refers to main.o(i.fputc) for fputc
    printf0.o(i.__0printf$0) refers to printf0.o(i._printf_core) for _printf_core
    printf0.o(i.__0printf$0) refers to main.o(i.fputc) for fputc
    printf0.o(i.__0printf$0) refers to stdout.o(.data) for __stdout
    printf0.o(i.__0snprintf$0) refers to printf0.o(i._printf_core) for _printf_core
    printf0.o(i.__0snprintf$0) refers to printf0.o(i._snputc) for _snputc
    printf0.o(i.__0sprintf$0) refers to printf0.o(i._printf_core) for _printf_core
    printf0.o(i.__0sprintf$0) refers to printf0.o(i._sputc) for _sputc
    printf0.o(i.__0vfprintf$0) refers to printf0.o(i._printf_core) for _printf_core
    printf0.o(i.__0vfprintf$0) refers to main.o(i.fputc) for fputc
    printf0.o(i.__0vprintf$0) refers to printf0.o(i._printf_core) for _printf_core
    printf0.o(i.__0vprintf$0) refers to main.o(i.fputc) for fputc
    printf0.o(i.__0vprintf$0) refers to stdout.o(.data) for __stdout
    printf0.o(i.__0vsnprintf$0) refers to printf0.o(i._printf_core) for _printf_core
    printf0.o(i.__0vsnprintf$0) refers to printf0.o(i._snputc) for _snputc
    printf0.o(i.__0vsprintf$0) refers to printf0.o(i._printf_core) for _printf_core
    printf0.o(i.__0vsprintf$0) refers to printf0.o(i._sputc) for _sputc
    printf1.o(i.__0fprintf$1) refers to printf1.o(i._printf_core) for _printf_core
    printf1.o(i.__0fprintf$1) refers to main.o(i.fputc) for fputc
    printf1.o(i.__0printf$1) refers to printf1.o(i._printf_core) for _printf_core
    printf1.o(i.__0printf$1) refers to main.o(i.fputc) for fputc
    printf1.o(i.__0printf$1) refers to stdout.o(.data) for __stdout
    printf1.o(i.__0snprintf$1) refers to printf1.o(i._printf_core) for _printf_core
    printf1.o(i.__0snprintf$1) refers to printf1.o(i._snputc) for _snputc
    printf1.o(i.__0sprintf$1) refers to printf1.o(i._printf_core) for _printf_core
    printf1.o(i.__0sprintf$1) refers to printf1.o(i._sputc) for _sputc
    printf1.o(i.__0vfprintf$1) refers to printf1.o(i._printf_core) for _printf_core
    printf1.o(i.__0vfprintf$1) refers to main.o(i.fputc) for fputc
    printf1.o(i.__0vprintf$1) refers to printf1.o(i._printf_core) for _printf_core
    printf1.o(i.__0vprintf$1) refers to main.o(i.fputc) for fputc
    printf1.o(i.__0vprintf$1) refers to stdout.o(.data) for __stdout
    printf1.o(i.__0vsnprintf$1) refers to printf1.o(i._printf_core) for _printf_core
    printf1.o(i.__0vsnprintf$1) refers to printf1.o(i._snputc) for _snputc
    printf1.o(i.__0vsprintf$1) refers to printf1.o(i._printf_core) for _printf_core
    printf1.o(i.__0vsprintf$1) refers to printf1.o(i._sputc) for _sputc
    printf1.o(i._printf_core) refers to uidiv.o(.text) for __aeabi_uidivmod
    printf2.o(i.__0fprintf$2) refers to printf2.o(i._printf_core) for _printf_core
    printf2.o(i.__0fprintf$2) refers to main.o(i.fputc) for fputc
    printf2.o(i.__0printf$2) refers to printf2.o(i._printf_core) for _printf_core
    printf2.o(i.__0printf$2) refers to main.o(i.fputc) for fputc
    printf2.o(i.__0printf$2) refers to stdout.o(.data) for __stdout
    printf2.o(i.__0snprintf$2) refers to printf2.o(i._printf_core) for _printf_core
    printf2.o(i.__0snprintf$2) refers to printf2.o(i._snputc) for _snputc
    printf2.o(i.__0sprintf$2) refers to printf2.o(i._printf_core) for _printf_core
    printf2.o(i.__0sprintf$2) refers to printf2.o(i._sputc) for _sputc
    printf2.o(i.__0vfprintf$2) refers to printf2.o(i._printf_core) for _printf_core
    printf2.o(i.__0vfprintf$2) refers to main.o(i.fputc) for fputc
    printf2.o(i.__0vprintf$2) refers to printf2.o(i._printf_core) for _printf_core
    printf2.o(i.__0vprintf$2) refers to main.o(i.fputc) for fputc
    printf2.o(i.__0vprintf$2) refers to stdout.o(.data) for __stdout
    printf2.o(i.__0vsnprintf$2) refers to printf2.o(i._printf_core) for _printf_core
    printf2.o(i.__0vsnprintf$2) refers to printf2.o(i._snputc) for _snputc
    printf2.o(i.__0vsprintf$2) refers to printf2.o(i._printf_core) for _printf_core
    printf2.o(i.__0vsprintf$2) refers to printf2.o(i._sputc) for _sputc
    printf3.o(i.__0fprintf$3) refers to printf3.o(i._printf_core) for _printf_core
    printf3.o(i.__0fprintf$3) refers to main.o(i.fputc) for fputc
    printf3.o(i.__0printf$3) refers to printf3.o(i._printf_core) for _printf_core
    printf3.o(i.__0printf$3) refers to main.o(i.fputc) for fputc
    printf3.o(i.__0printf$3) refers to stdout.o(.data) for __stdout
    printf3.o(i.__0snprintf$3) refers to printf3.o(i._printf_core) for _printf_core
    printf3.o(i.__0snprintf$3) refers to printf3.o(i._snputc) for _snputc
    printf3.o(i.__0sprintf$3) refers to printf3.o(i._printf_core) for _printf_core
    printf3.o(i.__0sprintf$3) refers to printf3.o(i._sputc) for _sputc
    printf3.o(i.__0vfprintf$3) refers to printf3.o(i._printf_core) for _printf_core
    printf3.o(i.__0vfprintf$3) refers to main.o(i.fputc) for fputc
    printf3.o(i.__0vprintf$3) refers to printf3.o(i._printf_core) for _printf_core
    printf3.o(i.__0vprintf$3) refers to main.o(i.fputc) for fputc
    printf3.o(i.__0vprintf$3) refers to stdout.o(.data) for __stdout
    printf3.o(i.__0vsnprintf$3) refers to printf3.o(i._printf_core) for _printf_core
    printf3.o(i.__0vsnprintf$3) refers to printf3.o(i._snputc) for _snputc
    printf3.o(i.__0vsprintf$3) refers to printf3.o(i._printf_core) for _printf_core
    printf3.o(i.__0vsprintf$3) refers to printf3.o(i._sputc) for _sputc
    printf3.o(i._printf_core) refers to uidiv.o(.text) for __aeabi_uidivmod
    printf4.o(i.__0fprintf$4) refers to printf4.o(i._printf_core) for _printf_core
    printf4.o(i.__0fprintf$4) refers to main.o(i.fputc) for fputc
    printf4.o(i.__0printf$4) refers to printf4.o(i._printf_core) for _printf_core
    printf4.o(i.__0printf$4) refers to main.o(i.fputc) for fputc
    printf4.o(i.__0printf$4) refers to stdout.o(.data) for __stdout
    printf4.o(i.__0snprintf$4) refers to printf4.o(i._printf_core) for _printf_core
    printf4.o(i.__0snprintf$4) refers to printf4.o(i._snputc) for _snputc
    printf4.o(i.__0sprintf$4) refers to printf4.o(i._printf_core) for _printf_core
    printf4.o(i.__0sprintf$4) refers to printf4.o(i._sputc) for _sputc
    printf4.o(i.__0vfprintf$4) refers to printf4.o(i._printf_core) for _printf_core
    printf4.o(i.__0vfprintf$4) refers to main.o(i.fputc) for fputc
    printf4.o(i.__0vprintf$4) refers to printf4.o(i._printf_core) for _printf_core
    printf4.o(i.__0vprintf$4) refers to main.o(i.fputc) for fputc
    printf4.o(i.__0vprintf$4) refers to stdout.o(.data) for __stdout
    printf4.o(i.__0vsnprintf$4) refers to printf4.o(i._printf_core) for _printf_core
    printf4.o(i.__0vsnprintf$4) refers to printf4.o(i._snputc) for _snputc
    printf4.o(i.__0vsprintf$4) refers to printf4.o(i._printf_core) for _printf_core
    printf4.o(i.__0vsprintf$4) refers to printf4.o(i._sputc) for _sputc
    printf4.o(i._printf_core) refers to uldiv.o(.text) for __aeabi_uldivmod
    printf5.o(i.__0fprintf$5) refers to printf5.o(i._printf_core) for _printf_core
    printf5.o(i.__0fprintf$5) refers to main.o(i.fputc) for fputc
    printf5.o(i.__0printf$5) refers to printf5.o(i._printf_core) for _printf_core
    printf5.o(i.__0printf$5) refers to main.o(i.fputc) for fputc
    printf5.o(i.__0printf$5) refers to stdout.o(.data) for __stdout
    printf5.o(i.__0snprintf$5) refers to printf5.o(i._printf_core) for _printf_core
    printf5.o(i.__0snprintf$5) refers to printf5.o(i._snputc) for _snputc
    printf5.o(i.__0sprintf$5) refers to printf5.o(i._printf_core) for _printf_core
    printf5.o(i.__0sprintf$5) refers to printf5.o(i._sputc) for _sputc
    printf5.o(i.__0vfprintf$5) refers to printf5.o(i._printf_core) for _printf_core
    printf5.o(i.__0vfprintf$5) refers to main.o(i.fputc) for fputc
    printf5.o(i.__0vprintf$5) refers to printf5.o(i._printf_core) for _printf_core
    printf5.o(i.__0vprintf$5) refers to main.o(i.fputc) for fputc
    printf5.o(i.__0vprintf$5) refers to stdout.o(.data) for __stdout
    printf5.o(i.__0vsnprintf$5) refers to printf5.o(i._printf_core) for _printf_core
    printf5.o(i.__0vsnprintf$5) refers to printf5.o(i._snputc) for _snputc
    printf5.o(i.__0vsprintf$5) refers to printf5.o(i._printf_core) for _printf_core
    printf5.o(i.__0vsprintf$5) refers to printf5.o(i._sputc) for _sputc
    printf5.o(i._printf_core) refers to uldiv.o(.text) for __aeabi_uldivmod
    printf6.o(i.__0fprintf$6) refers to printf6.o(i._printf_core) for _printf_core
    printf6.o(i.__0fprintf$6) refers to main.o(i.fputc) for fputc
    printf6.o(i.__0printf$6) refers to printf6.o(i._printf_core) for _printf_core
    printf6.o(i.__0printf$6) refers to main.o(i.fputc) for fputc
    printf6.o(i.__0printf$6) refers to stdout.o(.data) for __stdout
    printf6.o(i.__0snprintf$6) refers to printf6.o(i._printf_core) for _printf_core
    printf6.o(i.__0snprintf$6) refers to printf6.o(i._snputc) for _snputc
    printf6.o(i.__0sprintf$6) refers to printf6.o(i._printf_core) for _printf_core
    printf6.o(i.__0sprintf$6) refers to printf6.o(i._sputc) for _sputc
    printf6.o(i.__0vfprintf$6) refers to printf6.o(i._printf_core) for _printf_core
    printf6.o(i.__0vfprintf$6) refers to main.o(i.fputc) for fputc
    printf6.o(i.__0vprintf$6) refers to printf6.o(i._printf_core) for _printf_core
    printf6.o(i.__0vprintf$6) refers to main.o(i.fputc) for fputc
    printf6.o(i.__0vprintf$6) refers to stdout.o(.data) for __stdout
    printf6.o(i.__0vsnprintf$6) refers to printf6.o(i._printf_core) for _printf_core
    printf6.o(i.__0vsnprintf$6) refers to printf6.o(i._snputc) for _snputc
    printf6.o(i.__0vsprintf$6) refers to printf6.o(i._printf_core) for _printf_core
    printf6.o(i.__0vsprintf$6) refers to printf6.o(i._sputc) for _sputc
    printf6.o(i._printf_core) refers to printf6.o(i._printf_pre_padding) for _printf_pre_padding
    printf6.o(i._printf_core) refers to uidiv.o(.text) for __aeabi_uidivmod
    printf6.o(i._printf_core) refers to printf6.o(i._printf_post_padding) for _printf_post_padding
    printf7.o(i.__0fprintf$7) refers to printf7.o(i._printf_core) for _printf_core
    printf7.o(i.__0fprintf$7) refers to main.o(i.fputc) for fputc
    printf7.o(i.__0printf$7) refers to printf7.o(i._printf_core) for _printf_core
    printf7.o(i.__0printf$7) refers to main.o(i.fputc) for fputc
    printf7.o(i.__0printf$7) refers to stdout.o(.data) for __stdout
    printf7.o(i.__0snprintf$7) refers to printf7.o(i._printf_core) for _printf_core
    printf7.o(i.__0snprintf$7) refers to printf7.o(i._snputc) for _snputc
    printf7.o(i.__0sprintf$7) refers to printf7.o(i._printf_core) for _printf_core
    printf7.o(i.__0sprintf$7) refers to printf7.o(i._sputc) for _sputc
    printf7.o(i.__0vfprintf$7) refers to printf7.o(i._printf_core) for _printf_core
    printf7.o(i.__0vfprintf$7) refers to main.o(i.fputc) for fputc
    printf7.o(i.__0vprintf$7) refers to printf7.o(i._printf_core) for _printf_core
    printf7.o(i.__0vprintf$7) refers to main.o(i.fputc) for fputc
    printf7.o(i.__0vprintf$7) refers to stdout.o(.data) for __stdout
    printf7.o(i.__0vsnprintf$7) refers to printf7.o(i._printf_core) for _printf_core
    printf7.o(i.__0vsnprintf$7) refers to printf7.o(i._snputc) for _snputc
    printf7.o(i.__0vsprintf$7) refers to printf7.o(i._printf_core) for _printf_core
    printf7.o(i.__0vsprintf$7) refers to printf7.o(i._sputc) for _sputc
    printf7.o(i._printf_core) refers to printf7.o(i._printf_pre_padding) for _printf_pre_padding
    printf7.o(i._printf_core) refers to uldiv.o(.text) for __aeabi_uldivmod
    printf7.o(i._printf_core) refers to printf7.o(i._printf_post_padding) for _printf_post_padding
    printf8.o(i.__0fprintf$8) refers to printf8.o(i._printf_core) for _printf_core
    printf8.o(i.__0fprintf$8) refers to main.o(i.fputc) for fputc
    printf8.o(i.__0printf$8) refers to printf8.o(i._printf_core) for _printf_core
    printf8.o(i.__0printf$8) refers to main.o(i.fputc) for fputc
    printf8.o(i.__0printf$8) refers to stdout.o(.data) for __stdout
    printf8.o(i.__0snprintf$8) refers to printf8.o(i._printf_core) for _printf_core
    printf8.o(i.__0snprintf$8) refers to printf8.o(i._snputc) for _snputc
    printf8.o(i.__0sprintf$8) refers to printf8.o(i._printf_core) for _printf_core
    printf8.o(i.__0sprintf$8) refers to printf8.o(i._sputc) for _sputc
    printf8.o(i.__0vfprintf$8) refers to printf8.o(i._printf_core) for _printf_core
    printf8.o(i.__0vfprintf$8) refers to main.o(i.fputc) for fputc
    printf8.o(i.__0vprintf$8) refers to printf8.o(i._printf_core) for _printf_core
    printf8.o(i.__0vprintf$8) refers to main.o(i.fputc) for fputc
    printf8.o(i.__0vprintf$8) refers to stdout.o(.data) for __stdout
    printf8.o(i.__0vsnprintf$8) refers to printf8.o(i._printf_core) for _printf_core
    printf8.o(i.__0vsnprintf$8) refers to printf8.o(i._snputc) for _snputc
    printf8.o(i.__0vsprintf$8) refers to printf8.o(i._printf_core) for _printf_core
    printf8.o(i.__0vsprintf$8) refers to printf8.o(i._sputc) for _sputc
    printf8.o(i._printf_core) refers to printf8.o(i._printf_pre_padding) for _printf_pre_padding
    printf8.o(i._printf_core) refers to uldiv.o(.text) for __aeabi_uldivmod
    printf8.o(i._printf_core) refers to printf8.o(i._printf_post_padding) for _printf_post_padding
    printfa.o(i.__0fprintf) refers (Special) to iusefp.o(.text) for __I$use$fp
    printfa.o(i.__0fprintf) refers to printfa.o(i._printf_core) for _printf_core
    printfa.o(i.__0fprintf) refers to main.o(i.fputc) for fputc
    printfa.o(i.__0printf) refers (Special) to iusefp.o(.text) for __I$use$fp
    printfa.o(i.__0printf) refers to printfa.o(i._printf_core) for _printf_core
    printfa.o(i.__0printf) refers to main.o(i.fputc) for fputc
    printfa.o(i.__0printf) refers to stdout.o(.data) for __stdout
    printfa.o(i.__0snprintf) refers (Special) to iusefp.o(.text) for __I$use$fp
    printfa.o(i.__0snprintf) refers to printfa.o(i._printf_core) for _printf_core
    printfa.o(i.__0snprintf) refers to printfa.o(i._snputc) for _snputc
    printfa.o(i.__0sprintf) refers (Special) to iusefp.o(.text) for __I$use$fp
    printfa.o(i.__0sprintf) refers to printfa.o(i._printf_core) for _printf_core
    printfa.o(i.__0sprintf) refers to printfa.o(i._sputc) for _sputc
    printfa.o(i.__0vfprintf) refers (Special) to iusefp.o(.text) for __I$use$fp
    printfa.o(i.__0vfprintf) refers to printfa.o(i._printf_core) for _printf_core
    printfa.o(i.__0vfprintf) refers to main.o(i.fputc) for fputc
    printfa.o(i.__0vprintf) refers (Special) to iusefp.o(.text) for __I$use$fp
    printfa.o(i.__0vprintf) refers to printfa.o(i._printf_core) for _printf_core
    printfa.o(i.__0vprintf) refers to main.o(i.fputc) for fputc
    printfa.o(i.__0vprintf) refers to stdout.o(.data) for __stdout
    printfa.o(i.__0vsnprintf) refers (Special) to iusefp.o(.text) for __I$use$fp
    printfa.o(i.__0vsnprintf) refers to printfa.o(i._printf_core) for _printf_core
    printfa.o(i.__0vsnprintf) refers to printfa.o(i._snputc) for _snputc
    printfa.o(i.__0vsprintf) refers (Special) to iusefp.o(.text) for __I$use$fp
    printfa.o(i.__0vsprintf) refers to printfa.o(i._printf_core) for _printf_core
    printfa.o(i.__0vsprintf) refers to printfa.o(i._sputc) for _sputc
    printfa.o(i._fp_digits) refers (Special) to iusefp.o(.text) for __I$use$fp
    printfa.o(i._fp_digits) refers to dmul.o(.text) for __aeabi_dmul
    printfa.o(i._fp_digits) refers to ddiv.o(.text) for __aeabi_ddiv
    printfa.o(i._fp_digits) refers to cdrcmple.o(.text) for __aeabi_cdrcmple
    printfa.o(i._fp_digits) refers to dadd.o(.text) for __aeabi_dadd
    printfa.o(i._fp_digits) refers to dfixul.o(.text) for __aeabi_d2ulz
    printfa.o(i._fp_digits) refers to uldiv.o(.text) for __aeabi_uldivmod
    printfa.o(i._printf_core) refers (Special) to iusefp.o(.text) for __I$use$fp
    printfa.o(i._printf_core) refers to printfa.o(i._printf_pre_padding) for _printf_pre_padding
    printfa.o(i._printf_core) refers to uldiv.o(.text) for __aeabi_uldivmod
    printfa.o(i._printf_core) refers to printfa.o(i._printf_post_padding) for _printf_post_padding
    printfa.o(i._printf_core) refers to printfa.o(i._fp_digits) for _fp_digits
    printfa.o(i._printf_core) refers to uidiv.o(.text) for __aeabi_uidivmod
    printfa.o(i._printf_post_padding) refers (Special) to iusefp.o(.text) for __I$use$fp
    printfa.o(i._printf_pre_padding) refers (Special) to iusefp.o(.text) for __I$use$fp
    printfa.o(i._snputc) refers (Special) to iusefp.o(.text) for __I$use$fp
    printfa.o(i._sputc) refers (Special) to iusefp.o(.text) for __I$use$fp
    entry2.o(.ARM.Collect$$$$00000001) refers to entry2.o(.ARM.Collect$$$$00002712) for __lit__00000000
    entry2.o(.ARM.Collect$$$$00002712) refers to startup_apm32f10x_hd.o(STACK) for __initial_sp
    entry2.o(__vectab_stack_and_reset_area) refers to startup_apm32f10x_hd.o(STACK) for __initial_sp
    entry2.o(__vectab_stack_and_reset_area) refers to entry.o(.ARM.Collect$$$$00000000) for __main
    entry5.o(.ARM.Collect$$$$00000004) refers to init.o(.text) for __scatterload
    entry9a.o(.ARM.Collect$$$$0000000B) refers to main.o(i.main) for main
    entry9b.o(.ARM.Collect$$$$0000000C) refers to main.o(i.main) for main
    uldiv.o(.text) refers to llushr.o(.text) for __aeabi_llsr
    uldiv.o(.text) refers to llshl.o(.text) for __aeabi_llsl
    dadd.o(.text) refers to llshl.o(.text) for __aeabi_llsl
    dadd.o(.text) refers to llsshr.o(.text) for __aeabi_lasr
    dadd.o(.text) refers to depilogue.o(.text) for _double_epilogue
    dmul.o(.text) refers to depilogue.o(.text) for _double_epilogue
    ddiv.o(.text) refers to depilogue.o(.text) for _double_round
    dfixul.o(.text) refers to llushr.o(.text) for __aeabi_llsr
    dfixul.o(.text) refers to llshl.o(.text) for __aeabi_llsl
    init.o(.text) refers to entry5.o(.ARM.Collect$$$$00000004) for __main_after_scatterload
    depilogue.o(.text) refers to llshl.o(.text) for __aeabi_llsl
    depilogue.o(.text) refers to llushr.o(.text) for __aeabi_llsr


==============================================================================

Removing Unused input sections from the image.

    Removing system_apm32f10x.o(.rev16_text), (4 bytes).
    Removing system_apm32f10x.o(.revsh_text), (4 bytes).
    Removing system_apm32f10x.o(.rrx_text), (6 bytes).
    Removing system_apm32f10x.o(i.SystemCoreClockUpdate), (172 bytes).
    Removing system_apm32f10x.o(.data), (4 bytes).
    Removing startup_apm32f10x_hd.o(HEAP), (512 bytes).
    Removing apm32f10x_gpio.o(.rev16_text), (4 bytes).
    Removing apm32f10x_gpio.o(.revsh_text), (4 bytes).
    Removing apm32f10x_gpio.o(.rrx_text), (6 bytes).
    Removing apm32f10x_gpio.o(i.GPIO_AFIOReset), (16 bytes).
    Removing apm32f10x_gpio.o(i.GPIO_ConfigEINTLine), (164 bytes).
    Removing apm32f10x_gpio.o(i.GPIO_ConfigEventOutput), (28 bytes).
    Removing apm32f10x_gpio.o(i.GPIO_ConfigPinLock), (18 bytes).
    Removing apm32f10x_gpio.o(i.GPIO_ConfigPinRemap), (88 bytes).
    Removing apm32f10x_gpio.o(i.GPIO_ConfigStructInit), (16 bytes).
    Removing apm32f10x_gpio.o(i.GPIO_DisableEventOutput), (20 bytes).
    Removing apm32f10x_gpio.o(i.GPIO_EnableEventOutput), (20 bytes).
    Removing apm32f10x_gpio.o(i.GPIO_ReadInputPort), (8 bytes).
    Removing apm32f10x_gpio.o(i.GPIO_ReadOutputBit), (18 bytes).
    Removing apm32f10x_gpio.o(i.GPIO_ReadOutputPort), (8 bytes).
    Removing apm32f10x_gpio.o(i.GPIO_Reset), (116 bytes).
    Removing apm32f10x_gpio.o(i.GPIO_WriteBitValue), (10 bytes).
    Removing apm32f10x_gpio.o(i.GPIO_WriteOutputPort), (4 bytes).
    Removing apm32f10x_rcm.o(.rev16_text), (4 bytes).
    Removing apm32f10x_rcm.o(.revsh_text), (4 bytes).
    Removing apm32f10x_rcm.o(.rrx_text), (6 bytes).
    Removing apm32f10x_rcm.o(i.RCM_ClearIntFlag), (20 bytes).
    Removing apm32f10x_rcm.o(i.RCM_ClearStatusFlag), (24 bytes).
    Removing apm32f10x_rcm.o(i.RCM_ConfigADCCLK), (20 bytes).
    Removing apm32f10x_rcm.o(i.RCM_ConfigAHB), (20 bytes).
    Removing apm32f10x_rcm.o(i.RCM_ConfigAPB1), (20 bytes).
    Removing apm32f10x_rcm.o(i.RCM_ConfigAPB2), (20 bytes).
    Removing apm32f10x_rcm.o(i.RCM_ConfigFPUCLK), (20 bytes).
    Removing apm32f10x_rcm.o(i.RCM_ConfigHSE), (84 bytes).
    Removing apm32f10x_rcm.o(i.RCM_ConfigHSITrim), (20 bytes).
    Removing apm32f10x_rcm.o(i.RCM_ConfigLSE), (76 bytes).
    Removing apm32f10x_rcm.o(i.RCM_ConfigMCO), (20 bytes).
    Removing apm32f10x_rcm.o(i.RCM_ConfigPLL), (44 bytes).
    Removing apm32f10x_rcm.o(i.RCM_ConfigRTCCLK), (20 bytes).
    Removing apm32f10x_rcm.o(i.RCM_ConfigSYSCLK), (20 bytes).
    Removing apm32f10x_rcm.o(i.RCM_ConfigUSBCLK), (20 bytes).
    Removing apm32f10x_rcm.o(i.RCM_DisableAHBPeriphClock), (16 bytes).
    Removing apm32f10x_rcm.o(i.RCM_DisableAPB1PeriphClock), (16 bytes).
    Removing apm32f10x_rcm.o(i.RCM_DisableAPB1PeriphReset), (16 bytes).
    Removing apm32f10x_rcm.o(i.RCM_DisableAPB2PeriphClock), (16 bytes).
    Removing apm32f10x_rcm.o(i.RCM_DisableAPB2PeriphReset), (16 bytes).
    Removing apm32f10x_rcm.o(i.RCM_DisableBackupReset), (20 bytes).
    Removing apm32f10x_rcm.o(i.RCM_DisableCSS), (20 bytes).
    Removing apm32f10x_rcm.o(i.RCM_DisableHSI), (20 bytes).
    Removing apm32f10x_rcm.o(i.RCM_DisableInterrupt), (20 bytes).
    Removing apm32f10x_rcm.o(i.RCM_DisableLSI), (20 bytes).
    Removing apm32f10x_rcm.o(i.RCM_DisablePLL), (20 bytes).
    Removing apm32f10x_rcm.o(i.RCM_DisableRTCCLK), (20 bytes).
    Removing apm32f10x_rcm.o(i.RCM_EnableAHBPeriphClock), (16 bytes).
    Removing apm32f10x_rcm.o(i.RCM_EnableAPB1PeriphClock), (16 bytes).
    Removing apm32f10x_rcm.o(i.RCM_EnableAPB1PeriphReset), (16 bytes).
    Removing apm32f10x_rcm.o(i.RCM_EnableAPB2PeriphReset), (16 bytes).
    Removing apm32f10x_rcm.o(i.RCM_EnableBackupReset), (24 bytes).
    Removing apm32f10x_rcm.o(i.RCM_EnableCSS), (24 bytes).
    Removing apm32f10x_rcm.o(i.RCM_EnableHSI), (20 bytes).
    Removing apm32f10x_rcm.o(i.RCM_EnableInterrupt), (20 bytes).
    Removing apm32f10x_rcm.o(i.RCM_EnableLSI), (20 bytes).
    Removing apm32f10x_rcm.o(i.RCM_EnablePLL), (24 bytes).
    Removing apm32f10x_rcm.o(i.RCM_EnableRTCCLK), (24 bytes).
    Removing apm32f10x_rcm.o(i.RCM_ReadADCCLKFreq), (48 bytes).
    Removing apm32f10x_rcm.o(i.RCM_ReadIntFlag), (24 bytes).
    Removing apm32f10x_rcm.o(i.RCM_ReadSYSCLKSource), (16 bytes).
    Removing apm32f10x_rcm.o(i.RCM_ReadStatusFlag), (64 bytes).
    Removing apm32f10x_rcm.o(i.RCM_Reset), (80 bytes).
    Removing apm32f10x_rcm.o(i.RCM_WaitHSEReady), (44 bytes).
    Removing apm32f10x_usart.o(.rev16_text), (4 bytes).
    Removing apm32f10x_usart.o(.revsh_text), (4 bytes).
    Removing apm32f10x_usart.o(.rrx_text), (6 bytes).
    Removing apm32f10x_usart.o(i.USART_Address), (10 bytes).
    Removing apm32f10x_usart.o(i.USART_ClearIntFlag), (16 bytes).
    Removing apm32f10x_usart.o(i.USART_ClearStatusFlag), (8 bytes).
    Removing apm32f10x_usart.o(i.USART_ConfigClock), (42 bytes).
    Removing apm32f10x_usart.o(i.USART_ConfigClockStructInit), (12 bytes).
    Removing apm32f10x_usart.o(i.USART_ConfigGuardTime), (10 bytes).
    Removing apm32f10x_usart.o(i.USART_ConfigIrDA), (10 bytes).
    Removing apm32f10x_usart.o(i.USART_ConfigLINBreakDetectLength), (10 bytes).
    Removing apm32f10x_usart.o(i.USART_ConfigPrescaler), (10 bytes).
    Removing apm32f10x_usart.o(i.USART_ConfigStructInit), (24 bytes).
    Removing apm32f10x_usart.o(i.USART_ConfigWakeUp), (10 bytes).
    Removing apm32f10x_usart.o(i.USART_Disable), (10 bytes).
    Removing apm32f10x_usart.o(i.USART_DisableDMA), (8 bytes).
    Removing apm32f10x_usart.o(i.USART_DisableHalfDuplex), (10 bytes).
    Removing apm32f10x_usart.o(i.USART_DisableInterrupt), (42 bytes).
    Removing apm32f10x_usart.o(i.USART_DisableIrDA), (10 bytes).
    Removing apm32f10x_usart.o(i.USART_DisableLIN), (10 bytes).
    Removing apm32f10x_usart.o(i.USART_DisableMuteMode), (10 bytes).
    Removing apm32f10x_usart.o(i.USART_DisableRx), (10 bytes).
    Removing apm32f10x_usart.o(i.USART_DisableSmartCard), (10 bytes).
    Removing apm32f10x_usart.o(i.USART_DisableSmartCardNACK), (10 bytes).
    Removing apm32f10x_usart.o(i.USART_DisableTx), (10 bytes).
    Removing apm32f10x_usart.o(i.USART_EnableDMA), (8 bytes).
    Removing apm32f10x_usart.o(i.USART_EnableHalfDuplex), (12 bytes).
    Removing apm32f10x_usart.o(i.USART_EnableInterrupt), (40 bytes).
    Removing apm32f10x_usart.o(i.USART_EnableIrDA), (12 bytes).
    Removing apm32f10x_usart.o(i.USART_EnableLIN), (14 bytes).
    Removing apm32f10x_usart.o(i.USART_EnableMuteMode), (12 bytes).
    Removing apm32f10x_usart.o(i.USART_EnableRx), (12 bytes).
    Removing apm32f10x_usart.o(i.USART_EnableSmartCard), (12 bytes).
    Removing apm32f10x_usart.o(i.USART_EnableSmartCardNACK), (12 bytes).
    Removing apm32f10x_usart.o(i.USART_EnableTx), (12 bytes).
    Removing apm32f10x_usart.o(i.USART_ReadIntFlag), (62 bytes).
    Removing apm32f10x_usart.o(i.USART_Reset), (144 bytes).
    Removing apm32f10x_usart.o(i.USART_RxData), (10 bytes).
    Removing apm32f10x_usart.o(i.USART_TxBreak), (12 bytes).
    Removing main.o(.rev16_text), (4 bytes).
    Removing main.o(.revsh_text), (4 bytes).
    Removing main.o(.rrx_text), (6 bytes).
    Removing apm32f10x_int.o(.rev16_text), (4 bytes).
    Removing apm32f10x_int.o(.revsh_text), (4 bytes).
    Removing apm32f10x_int.o(.rrx_text), (6 bytes).
    Removing dht11.o(.rev16_text), (4 bytes).
    Removing dht11.o(.revsh_text), (4 bytes).
    Removing dht11.o(.rrx_text), (6 bytes).
    Removing dadd.o(.text), (334 bytes).
    Removing dmul.o(.text), (228 bytes).
    Removing ddiv.o(.text), (222 bytes).
    Removing dfixul.o(.text), (48 bytes).
    Removing cdrcmple.o(.text), (48 bytes).
    Removing depilogue.o(.text), (186 bytes).

124 unused section(s) (total 4226 bytes) removed from the image.

==============================================================================

Image Symbol Table

    Local Symbols

    Symbol Name                              Value     Ov Type        Size  Object(Section)

    ../clib/microlib/division.c              0x00000000   Number         0  uldiv.o ABSOLUTE
    ../clib/microlib/division.c              0x00000000   Number         0  uidiv.o ABSOLUTE
    ../clib/microlib/init/entry.s            0x00000000   Number         0  entry10b.o ABSOLUTE
    ../clib/microlib/init/entry.s            0x00000000   Number         0  entry11a.o ABSOLUTE
    ../clib/microlib/init/entry.s            0x00000000   Number         0  entry12a.o ABSOLUTE
    ../clib/microlib/init/entry.s            0x00000000   Number         0  entry11b.o ABSOLUTE
    ../clib/microlib/init/entry.s            0x00000000   Number         0  entry12b.o ABSOLUTE
    ../clib/microlib/init/entry.s            0x00000000   Number         0  entry2.o ABSOLUTE
    ../clib/microlib/init/entry.s            0x00000000   Number         0  entry5.o ABSOLUTE
    ../clib/microlib/init/entry.s            0x00000000   Number         0  entry7a.o ABSOLUTE
    ../clib/microlib/init/entry.s            0x00000000   Number         0  entry7b.o ABSOLUTE
    ../clib/microlib/init/entry.s            0x00000000   Number         0  entry.o ABSOLUTE
    ../clib/microlib/init/entry.s            0x00000000   Number         0  entry8a.o ABSOLUTE
    ../clib/microlib/init/entry.s            0x00000000   Number         0  entry8b.o ABSOLUTE
    ../clib/microlib/init/entry.s            0x00000000   Number         0  entry9a.o ABSOLUTE
    ../clib/microlib/init/entry.s            0x00000000   Number         0  entry9b.o ABSOLUTE
    ../clib/microlib/init/entry.s            0x00000000   Number         0  entry10a.o ABSOLUTE
    ../clib/microlib/longlong.c              0x00000000   Number         0  llsshr.o ABSOLUTE
    ../clib/microlib/longlong.c              0x00000000   Number         0  llshl.o ABSOLUTE
    ../clib/microlib/longlong.c              0x00000000   Number         0  llushr.o ABSOLUTE
    ../clib/microlib/printf/printf.c         0x00000000   Number         0  printf2.o ABSOLUTE
    ../clib/microlib/printf/printf.c         0x00000000   Number         0  printf6.o ABSOLUTE
    ../clib/microlib/printf/printf.c         0x00000000   Number         0  printf5.o ABSOLUTE
    ../clib/microlib/printf/printf.c         0x00000000   Number         0  printf4.o ABSOLUTE
    ../clib/microlib/printf/printf.c         0x00000000   Number         0  printf3.o ABSOLUTE
    ../clib/microlib/printf/printf.c         0x00000000   Number         0  printfb.o ABSOLUTE
    ../clib/microlib/printf/printf.c         0x00000000   Number         0  printf0.o ABSOLUTE
    ../clib/microlib/printf/printf.c         0x00000000   Number         0  printf1.o ABSOLUTE
    ../clib/microlib/printf/printf.c         0x00000000   Number         0  printfa.o ABSOLUTE
    ../clib/microlib/printf/printf.c         0x00000000   Number         0  printf8.o ABSOLUTE
    ../clib/microlib/printf/printf.c         0x00000000   Number         0  printf7.o ABSOLUTE
    ../clib/microlib/printf/stubs.s          0x00000000   Number         0  stubs.o ABSOLUTE
    ../clib/microlib/stdio/streams.c         0x00000000   Number         0  stdout.o ABSOLUTE
    ../clib/microlib/stubs.s                 0x00000000   Number         0  iusefp.o ABSOLUTE
    ../fplib/microlib/fpadd.c                0x00000000   Number         0  dadd.o ABSOLUTE
    ../fplib/microlib/fpdiv.c                0x00000000   Number         0  ddiv.o ABSOLUTE
    ../fplib/microlib/fpepilogue.c           0x00000000   Number         0  depilogue.o ABSOLUTE
    ../fplib/microlib/fpfix.c                0x00000000   Number         0  dfixul.o ABSOLUTE
    ../fplib/microlib/fpmul.c                0x00000000   Number         0  dmul.o ABSOLUTE
    ..\..\..\..\..\Library\APM32F10x_StdPeriphDriver\src\apm32f10x_gpio.c 0x00000000   Number         0  apm32f10x_gpio.o ABSOLUTE
    ..\..\..\..\..\Library\APM32F10x_StdPeriphDriver\src\apm32f10x_rcm.c 0x00000000   Number         0  apm32f10x_rcm.o ABSOLUTE
    ..\..\..\..\..\Library\APM32F10x_StdPeriphDriver\src\apm32f10x_usart.c 0x00000000   Number         0  apm32f10x_usart.o ABSOLUTE
    ..\..\..\..\..\Library\DHT11\dht11.c     0x00000000   Number         0  dht11.o ABSOLUTE
    ..\..\..\..\..\Library\Device\Geehy\APM32F10x\Source\arm\startup_apm32f10x_hd.s 0x00000000   Number         0  startup_apm32f10x_hd.o ABSOLUTE
    ..\..\..\..\..\Library\Device\Geehy\APM32F10x\Source\system_apm32f10x.c 0x00000000   Number         0  system_apm32f10x.o ABSOLUTE
    ..\..\Source\apm32f10x_int.c             0x00000000   Number         0  apm32f10x_int.o ABSOLUTE
    ..\..\Source\main.c                      0x00000000   Number         0  main.o ABSOLUTE
    ..\\..\\..\\..\\..\\Library\\APM32F10x_StdPeriphDriver\\src\\apm32f10x_gpio.c 0x00000000   Number         0  apm32f10x_gpio.o ABSOLUTE
    ..\\..\\..\\..\\..\\Library\\APM32F10x_StdPeriphDriver\\src\\apm32f10x_rcm.c 0x00000000   Number         0  apm32f10x_rcm.o ABSOLUTE
    ..\\..\\..\\..\\..\\Library\\APM32F10x_StdPeriphDriver\\src\\apm32f10x_usart.c 0x00000000   Number         0  apm32f10x_usart.o ABSOLUTE
    ..\\..\\..\\..\\..\\Library\\DHT11\\dht11.c 0x00000000   Number         0  dht11.o ABSOLUTE
    ..\\..\\..\\..\\..\\Library\\Device\\Geehy\\APM32F10x\\Source\\system_apm32f10x.c 0x00000000   Number         0  system_apm32f10x.o ABSOLUTE
    ..\\..\\Source\\apm32f10x_int.c          0x00000000   Number         0  apm32f10x_int.o ABSOLUTE
    ..\\..\\Source\\main.c                   0x00000000   Number         0  main.o ABSOLUTE
    cdrcmple.s                               0x00000000   Number         0  cdrcmple.o ABSOLUTE
    dc.s                                     0x00000000   Number         0  dc.o ABSOLUTE
    handlers.s                               0x00000000   Number         0  handlers.o ABSOLUTE
    init.s                                   0x00000000   Number         0  init.o ABSOLUTE
    RESET                                    0x08000000   Section      324  startup_apm32f10x_hd.o(RESET)
    .ARM.Collect$$$$00000000                 0x08000144   Section        0  entry.o(.ARM.Collect$$$$00000000)
    .ARM.Collect$$$$00000001                 0x08000144   Section        4  entry2.o(.ARM.Collect$$$$00000001)
    .ARM.Collect$$$$00000004                 0x08000148   Section        4  entry5.o(.ARM.Collect$$$$00000004)
    .ARM.Collect$$$$00000008                 0x0800014c   Section        0  entry7b.o(.ARM.Collect$$$$00000008)
    .ARM.Collect$$$$0000000A                 0x0800014c   Section        0  entry8b.o(.ARM.Collect$$$$0000000A)
    .ARM.Collect$$$$0000000B                 0x0800014c   Section        8  entry9a.o(.ARM.Collect$$$$0000000B)
    .ARM.Collect$$$$0000000E                 0x08000154   Section        4  entry12b.o(.ARM.Collect$$$$0000000E)
    .ARM.Collect$$$$0000000F                 0x08000158   Section        0  entry10a.o(.ARM.Collect$$$$0000000F)
    .ARM.Collect$$$$00000011                 0x08000158   Section        0  entry11a.o(.ARM.Collect$$$$00000011)
    .ARM.Collect$$$$00002712                 0x08000158   Section        4  entry2.o(.ARM.Collect$$$$00002712)
    __lit__00000000                          0x08000158   Data           4  entry2.o(.ARM.Collect$$$$00002712)
    .text                                    0x0800015c   Section       36  startup_apm32f10x_hd.o(.text)
    .text                                    0x08000180   Section        0  uidiv.o(.text)
    .text                                    0x080001ac   Section       36  init.o(.text)
    i.BusFault_Handler                       0x080001d0   Section        0  apm32f10x_int.o(i.BusFault_Handler)
    i.DHT11_Check                            0x080001d4   Section        0  dht11.o(i.DHT11_Check)
    i.DHT11_IO_IN                            0x08000230   Section        0  dht11.o(i.DHT11_IO_IN)
    i.DHT11_IO_OUT                           0x08000254   Section        0  dht11.o(i.DHT11_IO_OUT)
    i.DHT11_Init                             0x08000278   Section        0  dht11.o(i.DHT11_Init)
    i.DHT11_RST                              0x0800028c   Section        0  dht11.o(i.DHT11_RST)
    i.DHT11_Read_Bit                         0x080002b8   Section        0  dht11.o(i.DHT11_Read_Bit)
    i.DHT11_Read_Byte                        0x08000318   Section        0  dht11.o(i.DHT11_Read_Byte)
    i.DHT11_Read_Data                        0x08000336   Section        0  dht11.o(i.DHT11_Read_Data)
    i.DebugMon_Handler                       0x0800038e   Section        0  apm32f10x_int.o(i.DebugMon_Handler)
    i.Delay_ms                               0x08000390   Section        0  dht11.o(i.Delay_ms)
    i.Delay_us                               0x080003b0   Section        0  dht11.o(i.Delay_us)
    i.GPIO_Config                            0x080003ce   Section        0  apm32f10x_gpio.o(i.GPIO_Config)
    i.GPIO_ReadInputBit                      0x08000468   Section        0  apm32f10x_gpio.o(i.GPIO_ReadInputBit)
    i.GPIO_ResetBit                          0x0800047a   Section        0  apm32f10x_gpio.o(i.GPIO_ResetBit)
    i.GPIO_SetBit                            0x0800047e   Section        0  apm32f10x_gpio.o(i.GPIO_SetBit)
    i.HardFault_Handler                      0x08000482   Section        0  apm32f10x_int.o(i.HardFault_Handler)
    i.MemManage_Handler                      0x08000486   Section        0  apm32f10x_int.o(i.MemManage_Handler)
    i.NMI_Handler                            0x0800048a   Section        0  apm32f10x_int.o(i.NMI_Handler)
    i.PendSV_Handler                         0x0800048c   Section        0  apm32f10x_int.o(i.PendSV_Handler)
    i.RCM_EnableAPB2PeriphClock              0x08000490   Section        0  apm32f10x_rcm.o(i.RCM_EnableAPB2PeriphClock)
    i.RCM_ReadHCLKFreq                       0x080004a0   Section        0  apm32f10x_rcm.o(i.RCM_ReadHCLKFreq)
    i.RCM_ReadPCLKFreq                       0x080004dc   Section        0  apm32f10x_rcm.o(i.RCM_ReadPCLKFreq)
    i.RCM_ReadSYSCLKFreq                     0x08000528   Section        0  apm32f10x_rcm.o(i.RCM_ReadSYSCLKFreq)
    i.SVC_Handler                            0x0800058c   Section        0  apm32f10x_int.o(i.SVC_Handler)
    i.SysTick_Handler                        0x0800058e   Section        0  apm32f10x_int.o(i.SysTick_Handler)
    i.SystemClock72M                         0x08000590   Section        0  system_apm32f10x.o(i.SystemClock72M)
    SystemClock72M                           0x08000591   Thumb Code   212  system_apm32f10x.o(i.SystemClock72M)
    i.SystemClockConfig                      0x0800066c   Section        0  system_apm32f10x.o(i.SystemClockConfig)
    SystemClockConfig                        0x0800066d   Thumb Code     8  system_apm32f10x.o(i.SystemClockConfig)
    i.SystemInit                             0x08000674   Section        0  system_apm32f10x.o(i.SystemInit)
    i.USART_Config                           0x080006d4   Section        0  apm32f10x_usart.o(i.USART_Config)
    i.USART_Enable                           0x08000764   Section        0  apm32f10x_usart.o(i.USART_Enable)
    i.USART_Init                             0x08000774   Section        0  main.o(i.USART_Init)
    i.USART_ReadStatusFlag                   0x080007d8   Section        0  apm32f10x_usart.o(i.USART_ReadStatusFlag)
    i.USART_TxData                           0x080007e8   Section        0  apm32f10x_usart.o(i.USART_TxData)
    i.UsageFault_Handler                     0x080007f2   Section        0  apm32f10x_int.o(i.UsageFault_Handler)
    i.__0printf$1                            0x080007f8   Section        0  printf1.o(i.__0printf$1)
    i.__scatterload_copy                     0x08000818   Section       14  handlers.o(i.__scatterload_copy)
    i.__scatterload_null                     0x08000826   Section        2  handlers.o(i.__scatterload_null)
    i.__scatterload_zeroinit                 0x08000828   Section       14  handlers.o(i.__scatterload_zeroinit)
    i._printf_core                           0x08000838   Section        0  printf1.o(i._printf_core)
    _printf_core                             0x08000839   Thumb Code   336  printf1.o(i._printf_core)
    i.fputc                                  0x0800098c   Section        0  main.o(i.fputc)
    i.main                                   0x080009b0   Section        0  main.o(i.main)
    .data                                    0x20000000   Section        2  main.o(.data)
    .data                                    0x20000004   Section        4  stdout.o(.data)
    STACK                                    0x20000008   Section     1024  startup_apm32f10x_hd.o(STACK)

    Global Symbols

    Symbol Name                              Value     Ov Type        Size  Object(Section)

    BuildAttributes$$THM_ISAv4$P$D$K$B$S$PE$A:L22UL41UL21$X:L11$S22US41US21$IEEE1$IW$USESV6$~STKCKD$USESV7$~SHL$OSPACE$ROPI$EBA8$MICROLIB$REQ8$PRES8$EABIv2 0x00000000   Number         0  anon$$obj.o ABSOLUTE
    __ARM_use_no_argv                        0x00000000   Number         0  main.o ABSOLUTE
    _printf_a                                0x00000000   Number         0  stubs.o ABSOLUTE
    _printf_c                                0x00000000   Number         0  stubs.o ABSOLUTE
    _printf_charcount                        0x00000000   Number         0  stubs.o ABSOLUTE
    _printf_d                                0x00000000   Number         0  stubs.o ABSOLUTE
    _printf_e                                0x00000000   Number         0  stubs.o ABSOLUTE
    _printf_f                                0x00000000   Number         0  stubs.o ABSOLUTE
    _printf_flags                            0x00000000   Number         0  stubs.o ABSOLUTE
    _printf_fp_dec                           0x00000000   Number         0  stubs.o ABSOLUTE
    _printf_fp_hex                           0x00000000   Number         0  stubs.o ABSOLUTE
    _printf_g                                0x00000000   Number         0  stubs.o ABSOLUTE
    _printf_i                                0x00000000   Number         0  stubs.o ABSOLUTE
    _printf_int_dec                          0x00000000   Number         0  stubs.o ABSOLUTE
    _printf_l                                0x00000000   Number         0  stubs.o ABSOLUTE
    _printf_lc                               0x00000000   Number         0  stubs.o ABSOLUTE
    _printf_ll                               0x00000000   Number         0  stubs.o ABSOLUTE
    _printf_lld                              0x00000000   Number         0  stubs.o ABSOLUTE
    _printf_lli                              0x00000000   Number         0  stubs.o ABSOLUTE
    _printf_llo                              0x00000000   Number         0  stubs.o ABSOLUTE
    _printf_llu                              0x00000000   Number         0  stubs.o ABSOLUTE
    _printf_llx                              0x00000000   Number         0  stubs.o ABSOLUTE
    _printf_longlong_dec                     0x00000000   Number         0  stubs.o ABSOLUTE
    _printf_longlong_hex                     0x00000000   Number         0  stubs.o ABSOLUTE
    _printf_longlong_oct                     0x00000000   Number         0  stubs.o ABSOLUTE
    _printf_ls                               0x00000000   Number         0  stubs.o ABSOLUTE
    _printf_mbtowc                           0x00000000   Number         0  stubs.o ABSOLUTE
    _printf_n                                0x00000000   Number         0  stubs.o ABSOLUTE
    _printf_o                                0x00000000   Number         0  stubs.o ABSOLUTE
    _printf_p                                0x00000000   Number         0  stubs.o ABSOLUTE
    _printf_percent                          0x00000000   Number         0  stubs.o ABSOLUTE
    _printf_pre_padding                      0x00000000   Number         0  stubs.o ABSOLUTE
    _printf_return_value                     0x00000000   Number         0  stubs.o ABSOLUTE
    _printf_s                                0x00000000   Number         0  stubs.o ABSOLUTE
    _printf_sizespec                         0x00000000   Number         0  stubs.o ABSOLUTE
    _printf_str                              0x00000000   Number         0  stubs.o ABSOLUTE
    _printf_truncate_signed                  0x00000000   Number         0  stubs.o ABSOLUTE
    _printf_truncate_unsigned                0x00000000   Number         0  stubs.o ABSOLUTE
    _printf_u                                0x00000000   Number         0  stubs.o ABSOLUTE
    _printf_wc                               0x00000000   Number         0  stubs.o ABSOLUTE
    _printf_wctomb                           0x00000000   Number         0  stubs.o ABSOLUTE
    _printf_widthprec                        0x00000000   Number         0  stubs.o ABSOLUTE
    _printf_x                                0x00000000   Number         0  stubs.o ABSOLUTE
    __arm_fini_                               - Undefined Weak Reference
    __cpp_initialize__aeabi_                  - Undefined Weak Reference
    __cxa_finalize                            - Undefined Weak Reference
    __decompress                              - Undefined Weak Reference
    _clock_init                               - Undefined Weak Reference
    _microlib_exit                            - Undefined Weak Reference
    __Vectors_Size                           0x00000144   Number         0  startup_apm32f10x_hd.o ABSOLUTE
    __Vectors                                0x08000000   Data           4  startup_apm32f10x_hd.o(RESET)
    __Vectors_End                            0x08000144   Data           0  startup_apm32f10x_hd.o(RESET)
    __main                                   0x08000145   Thumb Code     0  entry.o(.ARM.Collect$$$$00000000)
    _main_stk                                0x08000145   Thumb Code     0  entry2.o(.ARM.Collect$$$$00000001)
    _main_scatterload                        0x08000149   Thumb Code     0  entry5.o(.ARM.Collect$$$$00000004)
    __main_after_scatterload                 0x0800014d   Thumb Code     0  entry5.o(.ARM.Collect$$$$00000004)
    _main_clock                              0x0800014d   Thumb Code     0  entry7b.o(.ARM.Collect$$$$00000008)
    _main_cpp_init                           0x0800014d   Thumb Code     0  entry8b.o(.ARM.Collect$$$$0000000A)
    _main_init                               0x0800014d   Thumb Code     0  entry9a.o(.ARM.Collect$$$$0000000B)
    __rt_lib_shutdown_fini                   0x08000155   Thumb Code     0  entry12b.o(.ARM.Collect$$$$0000000E)
    __rt_final_cpp                           0x08000159   Thumb Code     0  entry10a.o(.ARM.Collect$$$$0000000F)
    __rt_final_exit                          0x08000159   Thumb Code     0  entry11a.o(.ARM.Collect$$$$00000011)
    Reset_Handler                            0x0800015d   Thumb Code     8  startup_apm32f10x_hd.o(.text)
    ADC1_2_IRQHandler                        0x08000177   Thumb Code     0  startup_apm32f10x_hd.o(.text)
    ADC3_IRQHandler                          0x08000177   Thumb Code     0  startup_apm32f10x_hd.o(.text)
    CAN1_RX1_IRQHandler                      0x08000177   Thumb Code     0  startup_apm32f10x_hd.o(.text)
    CAN1_SCE_IRQHandler                      0x08000177   Thumb Code     0  startup_apm32f10x_hd.o(.text)
    CAN2_RX1_IRQHandler                      0x08000177   Thumb Code     0  startup_apm32f10x_hd.o(.text)
    CAN2_SCE_IRQHandler                      0x08000177   Thumb Code     0  startup_apm32f10x_hd.o(.text)
    DMA1_Channel1_IRQHandler                 0x08000177   Thumb Code     0  startup_apm32f10x_hd.o(.text)
    DMA1_Channel2_IRQHandler                 0x08000177   Thumb Code     0  startup_apm32f10x_hd.o(.text)
    DMA1_Channel3_IRQHandler                 0x08000177   Thumb Code     0  startup_apm32f10x_hd.o(.text)
    DMA1_Channel4_IRQHandler                 0x08000177   Thumb Code     0  startup_apm32f10x_hd.o(.text)
    DMA1_Channel5_IRQHandler                 0x08000177   Thumb Code     0  startup_apm32f10x_hd.o(.text)
    DMA1_Channel6_IRQHandler                 0x08000177   Thumb Code     0  startup_apm32f10x_hd.o(.text)
    DMA1_Channel7_IRQHandler                 0x08000177   Thumb Code     0  startup_apm32f10x_hd.o(.text)
    DMA2_Channel1_IRQHandler                 0x08000177   Thumb Code     0  startup_apm32f10x_hd.o(.text)
    DMA2_Channel2_IRQHandler                 0x08000177   Thumb Code     0  startup_apm32f10x_hd.o(.text)
    DMA2_Channel3_IRQHandler                 0x08000177   Thumb Code     0  startup_apm32f10x_hd.o(.text)
    DMA2_Channel4_5_IRQHandler               0x08000177   Thumb Code     0  startup_apm32f10x_hd.o(.text)
    EINT0_IRQHandler                         0x08000177   Thumb Code     0  startup_apm32f10x_hd.o(.text)
    EINT15_10_IRQHandler                     0x08000177   Thumb Code     0  startup_apm32f10x_hd.o(.text)
    EINT1_IRQHandler                         0x08000177   Thumb Code     0  startup_apm32f10x_hd.o(.text)
    EINT2_IRQHandler                         0x08000177   Thumb Code     0  startup_apm32f10x_hd.o(.text)
    EINT3_IRQHandler                         0x08000177   Thumb Code     0  startup_apm32f10x_hd.o(.text)
    EINT4_IRQHandler                         0x08000177   Thumb Code     0  startup_apm32f10x_hd.o(.text)
    EINT9_5_IRQHandler                       0x08000177   Thumb Code     0  startup_apm32f10x_hd.o(.text)
    EMMC_IRQHandler                          0x08000177   Thumb Code     0  startup_apm32f10x_hd.o(.text)
    FLASH_IRQHandler                         0x08000177   Thumb Code     0  startup_apm32f10x_hd.o(.text)
    I2C1_ER_IRQHandler                       0x08000177   Thumb Code     0  startup_apm32f10x_hd.o(.text)
    I2C1_EV_IRQHandler                       0x08000177   Thumb Code     0  startup_apm32f10x_hd.o(.text)
    I2C2_ER_IRQHandler                       0x08000177   Thumb Code     0  startup_apm32f10x_hd.o(.text)
    I2C2_EV_IRQHandler                       0x08000177   Thumb Code     0  startup_apm32f10x_hd.o(.text)
    PVD_IRQHandler                           0x08000177   Thumb Code     0  startup_apm32f10x_hd.o(.text)
    RCM_IRQHandler                           0x08000177   Thumb Code     0  startup_apm32f10x_hd.o(.text)
    RTCAlarm_IRQHandler                      0x08000177   Thumb Code     0  startup_apm32f10x_hd.o(.text)
    RTC_IRQHandler                           0x08000177   Thumb Code     0  startup_apm32f10x_hd.o(.text)
    SDIO_IRQHandler                          0x08000177   Thumb Code     0  startup_apm32f10x_hd.o(.text)
    SPI1_IRQHandler                          0x08000177   Thumb Code     0  startup_apm32f10x_hd.o(.text)
    SPI2_IRQHandler                          0x08000177   Thumb Code     0  startup_apm32f10x_hd.o(.text)
    SPI3_IRQHandler                          0x08000177   Thumb Code     0  startup_apm32f10x_hd.o(.text)
    TAMPER_IRQHandler                        0x08000177   Thumb Code     0  startup_apm32f10x_hd.o(.text)
    TMR1_BRK_IRQHandler                      0x08000177   Thumb Code     0  startup_apm32f10x_hd.o(.text)
    TMR1_CC_IRQHandler                       0x08000177   Thumb Code     0  startup_apm32f10x_hd.o(.text)
    TMR1_TRG_COM_IRQHandler                  0x08000177   Thumb Code     0  startup_apm32f10x_hd.o(.text)
    TMR1_UP_IRQHandler                       0x08000177   Thumb Code     0  startup_apm32f10x_hd.o(.text)
    TMR2_IRQHandler                          0x08000177   Thumb Code     0  startup_apm32f10x_hd.o(.text)
    TMR3_IRQHandler                          0x08000177   Thumb Code     0  startup_apm32f10x_hd.o(.text)
    TMR4_IRQHandler                          0x08000177   Thumb Code     0  startup_apm32f10x_hd.o(.text)
    TMR5_IRQHandler                          0x08000177   Thumb Code     0  startup_apm32f10x_hd.o(.text)
    TMR6_IRQHandler                          0x08000177   Thumb Code     0  startup_apm32f10x_hd.o(.text)
    TMR7_IRQHandler                          0x08000177   Thumb Code     0  startup_apm32f10x_hd.o(.text)
    TMR8_BRK_IRQHandler                      0x08000177   Thumb Code     0  startup_apm32f10x_hd.o(.text)
    TMR8_CC_IRQHandler                       0x08000177   Thumb Code     0  startup_apm32f10x_hd.o(.text)
    TMR8_TRG_COM_IRQHandler                  0x08000177   Thumb Code     0  startup_apm32f10x_hd.o(.text)
    TMR8_UP_IRQHandler                       0x08000177   Thumb Code     0  startup_apm32f10x_hd.o(.text)
    UART4_IRQHandler                         0x08000177   Thumb Code     0  startup_apm32f10x_hd.o(.text)
    UART5_IRQHandler                         0x08000177   Thumb Code     0  startup_apm32f10x_hd.o(.text)
    USART1_IRQHandler                        0x08000177   Thumb Code     0  startup_apm32f10x_hd.o(.text)
    USART2_IRQHandler                        0x08000177   Thumb Code     0  startup_apm32f10x_hd.o(.text)
    USART3_IRQHandler                        0x08000177   Thumb Code     0  startup_apm32f10x_hd.o(.text)
    USBD1_HP_CAN1_TX_IRQHandler              0x08000177   Thumb Code     0  startup_apm32f10x_hd.o(.text)
    USBD1_LP_CAN1_RX0_IRQHandler             0x08000177   Thumb Code     0  startup_apm32f10x_hd.o(.text)
    USBD2_HP_CAN2_TX_IRQHandler              0x08000177   Thumb Code     0  startup_apm32f10x_hd.o(.text)
    USBD2_LP_CAN2_RX0_IRQHandler             0x08000177   Thumb Code     0  startup_apm32f10x_hd.o(.text)
    USBDWakeUp_IRQHandler                    0x08000177   Thumb Code     0  startup_apm32f10x_hd.o(.text)
    WWDT_IRQHandler                          0x08000177   Thumb Code     0  startup_apm32f10x_hd.o(.text)
    __aeabi_uidiv                            0x08000181   Thumb Code     0  uidiv.o(.text)
    __aeabi_uidivmod                         0x08000181   Thumb Code    44  uidiv.o(.text)
    __scatterload                            0x080001ad   Thumb Code    28  init.o(.text)
    __scatterload_rt2                        0x080001ad   Thumb Code     0  init.o(.text)
    BusFault_Handler                         0x080001d1   Thumb Code     4  apm32f10x_int.o(i.BusFault_Handler)
    DHT11_Check                              0x080001d5   Thumb Code    88  dht11.o(i.DHT11_Check)
    DHT11_IO_IN                              0x08000231   Thumb Code    32  dht11.o(i.DHT11_IO_IN)
    DHT11_IO_OUT                             0x08000255   Thumb Code    32  dht11.o(i.DHT11_IO_OUT)
    DHT11_Init                               0x08000279   Thumb Code    18  dht11.o(i.DHT11_Init)
    DHT11_RST                                0x0800028d   Thumb Code    40  dht11.o(i.DHT11_RST)
    DHT11_Read_Bit                           0x080002b9   Thumb Code    90  dht11.o(i.DHT11_Read_Bit)
    DHT11_Read_Byte                          0x08000319   Thumb Code    30  dht11.o(i.DHT11_Read_Byte)
    DHT11_Read_Data                          0x08000337   Thumb Code    88  dht11.o(i.DHT11_Read_Data)
    DebugMon_Handler                         0x0800038f   Thumb Code     2  apm32f10x_int.o(i.DebugMon_Handler)
    Delay_ms                                 0x08000391   Thumb Code    32  dht11.o(i.Delay_ms)
    Delay_us                                 0x080003b1   Thumb Code    30  dht11.o(i.Delay_us)
    GPIO_Config                              0x080003cf   Thumb Code   154  apm32f10x_gpio.o(i.GPIO_Config)
    GPIO_ReadInputBit                        0x08000469   Thumb Code    18  apm32f10x_gpio.o(i.GPIO_ReadInputBit)
    GPIO_ResetBit                            0x0800047b   Thumb Code     4  apm32f10x_gpio.o(i.GPIO_ResetBit)
    GPIO_SetBit                              0x0800047f   Thumb Code     4  apm32f10x_gpio.o(i.GPIO_SetBit)
    HardFault_Handler                        0x08000483   Thumb Code     4  apm32f10x_int.o(i.HardFault_Handler)
    MemManage_Handler                        0x08000487   Thumb Code     4  apm32f10x_int.o(i.MemManage_Handler)
    NMI_Handler                              0x0800048b   Thumb Code     2  apm32f10x_int.o(i.NMI_Handler)
    PendSV_Handler                           0x0800048d   Thumb Code     2  apm32f10x_int.o(i.PendSV_Handler)
    RCM_EnableAPB2PeriphClock                0x08000491   Thumb Code    12  apm32f10x_rcm.o(i.RCM_EnableAPB2PeriphClock)
    RCM_ReadHCLKFreq                         0x080004a1   Thumb Code    38  apm32f10x_rcm.o(i.RCM_ReadHCLKFreq)
    RCM_ReadPCLKFreq                         0x080004dd   Thumb Code    62  apm32f10x_rcm.o(i.RCM_ReadPCLKFreq)
    RCM_ReadSYSCLKFreq                       0x08000529   Thumb Code    86  apm32f10x_rcm.o(i.RCM_ReadSYSCLKFreq)
    SVC_Handler                              0x0800058d   Thumb Code     2  apm32f10x_int.o(i.SVC_Handler)
    SysTick_Handler                          0x0800058f   Thumb Code     2  apm32f10x_int.o(i.SysTick_Handler)
    SystemInit                               0x08000675   Thumb Code    80  system_apm32f10x.o(i.SystemInit)
    USART_Config                             0x080006d5   Thumb Code   138  apm32f10x_usart.o(i.USART_Config)
    USART_Enable                             0x08000765   Thumb Code    14  apm32f10x_usart.o(i.USART_Enable)
    USART_Init                               0x08000775   Thumb Code    90  main.o(i.USART_Init)
    USART_ReadStatusFlag                     0x080007d9   Thumb Code    16  apm32f10x_usart.o(i.USART_ReadStatusFlag)
    USART_TxData                             0x080007e9   Thumb Code    10  apm32f10x_usart.o(i.USART_TxData)
    UsageFault_Handler                       0x080007f3   Thumb Code     4  apm32f10x_int.o(i.UsageFault_Handler)
    __0printf$1                              0x080007f9   Thumb Code    22  printf1.o(i.__0printf$1)
    __1printf$1                              0x080007f9   Thumb Code     0  printf1.o(i.__0printf$1)
    __2printf                                0x080007f9   Thumb Code     0  printf1.o(i.__0printf$1)
    __scatterload_copy                       0x08000819   Thumb Code    14  handlers.o(i.__scatterload_copy)
    __scatterload_null                       0x08000827   Thumb Code     2  handlers.o(i.__scatterload_null)
    __scatterload_zeroinit                   0x08000829   Thumb Code    14  handlers.o(i.__scatterload_zeroinit)
    fputc                                    0x0800098d   Thumb Code    32  main.o(i.fputc)
    main                                     0x080009b1   Thumb Code    50  main.o(i.main)
    Region$$Table$$Base                      0x08000a3c   Number         0  anon$$obj.o(Region$$Table)
    Region$$Table$$Limit                     0x08000a5c   Number         0  anon$$obj.o(Region$$Table)
    temperature                              0x20000000   Data           1  main.o(.data)
    humidity                                 0x20000001   Data           1  main.o(.data)
    __stdout                                 0x20000004   Data           4  stdout.o(.data)
    __initial_sp                             0x20000408   Data           0  startup_apm32f10x_hd.o(STACK)



==============================================================================

Memory Map of the image

  Image Entry point : 0x08000145

  Load Region LR_IROM1 (Base: 0x08000000, Size: 0x00000a64, Max: 0x00020000, ABSOLUTE)

    Execution Region ER_IROM1 (Exec base: 0x08000000, Load base: 0x08000000, Size: 0x00000a5c, Max: 0x00020000, ABSOLUTE)

    Exec Addr    Load Addr    Size         Type   Attr      Idx    E Section Name        Object

    0x08000000   0x08000000   0x00000144   Data   RO           71    RESET               startup_apm32f10x_hd.o
    0x08000144   0x08000144   0x00000000   Code   RO          981  * .ARM.Collect$$$$00000000  mc_w.l(entry.o)
    0x08000144   0x08000144   0x00000004   Code   RO         1245    .ARM.Collect$$$$00000001  mc_w.l(entry2.o)
    0x08000148   0x08000148   0x00000004   Code   RO         1248    .ARM.Collect$$$$00000004  mc_w.l(entry5.o)
    0x0800014c   0x0800014c   0x00000000   Code   RO         1250    .ARM.Collect$$$$00000008  mc_w.l(entry7b.o)
    0x0800014c   0x0800014c   0x00000000   Code   RO         1252    .ARM.Collect$$$$0000000A  mc_w.l(entry8b.o)
    0x0800014c   0x0800014c   0x00000008   Code   RO         1253    .ARM.Collect$$$$0000000B  mc_w.l(entry9a.o)
    0x08000154   0x08000154   0x00000004   Code   RO         1260    .ARM.Collect$$$$0000000E  mc_w.l(entry12b.o)
    0x08000158   0x08000158   0x00000000   Code   RO         1255    .ARM.Collect$$$$0000000F  mc_w.l(entry10a.o)
    0x08000158   0x08000158   0x00000000   Code   RO         1257    .ARM.Collect$$$$00000011  mc_w.l(entry11a.o)
    0x08000158   0x08000158   0x00000004   Code   RO         1246    .ARM.Collect$$$$00002712  mc_w.l(entry2.o)
    0x0800015c   0x0800015c   0x00000024   Code   RO           72    .text               startup_apm32f10x_hd.o
    0x08000180   0x08000180   0x0000002c   Code   RO         1262    .text               mc_w.l(uidiv.o)
    0x080001ac   0x080001ac   0x00000024   Code   RO         1277    .text               mc_w.l(init.o)
    0x080001d0   0x080001d0   0x00000004   Code   RO          831    i.BusFault_Handler  apm32f10x_int.o
    0x080001d4   0x080001d4   0x0000005c   Code   RO          906    i.DHT11_Check       dht11.o
    0x08000230   0x08000230   0x00000024   Code   RO          907    i.DHT11_IO_IN       dht11.o
    0x08000254   0x08000254   0x00000024   Code   RO          908    i.DHT11_IO_OUT      dht11.o
    0x08000278   0x08000278   0x00000012   Code   RO          909    i.DHT11_Init        dht11.o
    0x0800028a   0x0800028a   0x00000002   PAD
    0x0800028c   0x0800028c   0x0000002c   Code   RO          910    i.DHT11_RST         dht11.o
    0x080002b8   0x080002b8   0x00000060   Code   RO          911    i.DHT11_Read_Bit    dht11.o
    0x08000318   0x08000318   0x0000001e   Code   RO          912    i.DHT11_Read_Byte   dht11.o
    0x08000336   0x08000336   0x00000058   Code   RO          913    i.DHT11_Read_Data   dht11.o
    0x0800038e   0x0800038e   0x00000002   Code   RO          832    i.DebugMon_Handler  apm32f10x_int.o
    0x08000390   0x08000390   0x00000020   Code   RO          914    i.Delay_ms          dht11.o
    0x080003b0   0x080003b0   0x0000001e   Code   RO          915    i.Delay_us          dht11.o
    0x080003ce   0x080003ce   0x0000009a   Code   RO           80    i.GPIO_Config       apm32f10x_gpio.o
    0x08000468   0x08000468   0x00000012   Code   RO           88    i.GPIO_ReadInputBit  apm32f10x_gpio.o
    0x0800047a   0x0800047a   0x00000004   Code   RO           93    i.GPIO_ResetBit     apm32f10x_gpio.o
    0x0800047e   0x0800047e   0x00000004   Code   RO           94    i.GPIO_SetBit       apm32f10x_gpio.o
    0x08000482   0x08000482   0x00000004   Code   RO          833    i.HardFault_Handler  apm32f10x_int.o
    0x08000486   0x08000486   0x00000004   Code   RO          834    i.MemManage_Handler  apm32f10x_int.o
    0x0800048a   0x0800048a   0x00000002   Code   RO          835    i.NMI_Handler       apm32f10x_int.o
    0x0800048c   0x0800048c   0x00000002   Code   RO          836    i.PendSV_Handler    apm32f10x_int.o
    0x0800048e   0x0800048e   0x00000002   PAD
    0x08000490   0x08000490   0x00000010   Code   RO          245    i.RCM_EnableAPB2PeriphClock  apm32f10x_rcm.o
    0x080004a0   0x080004a0   0x0000003c   Code   RO          255    i.RCM_ReadHCLKFreq  apm32f10x_rcm.o
    0x080004dc   0x080004dc   0x0000004c   Code   RO          257    i.RCM_ReadPCLKFreq  apm32f10x_rcm.o
    0x08000528   0x08000528   0x00000064   Code   RO          258    i.RCM_ReadSYSCLKFreq  apm32f10x_rcm.o
    0x0800058c   0x0800058c   0x00000002   Code   RO          837    i.SVC_Handler       apm32f10x_int.o
    0x0800058e   0x0800058e   0x00000002   Code   RO          838    i.SysTick_Handler   apm32f10x_int.o
    0x08000590   0x08000590   0x000000dc   Code   RO            4    i.SystemClock72M    system_apm32f10x.o
    0x0800066c   0x0800066c   0x00000008   Code   RO            5    i.SystemClockConfig  system_apm32f10x.o
    0x08000674   0x08000674   0x00000060   Code   RO            7    i.SystemInit        system_apm32f10x.o
    0x080006d4   0x080006d4   0x00000090   Code   RO          524    i.USART_Config      apm32f10x_usart.o
    0x08000764   0x08000764   0x0000000e   Code   RO          544    i.USART_Enable      apm32f10x_usart.o
    0x08000772   0x08000772   0x00000002   PAD
    0x08000774   0x08000774   0x00000064   Code   RO          782    i.USART_Init        main.o
    0x080007d8   0x080007d8   0x00000010   Code   RO          556    i.USART_ReadStatusFlag  apm32f10x_usart.o
    0x080007e8   0x080007e8   0x0000000a   Code   RO          560    i.USART_TxData      apm32f10x_usart.o
    0x080007f2   0x080007f2   0x00000004   Code   RO          839    i.UsageFault_Handler  apm32f10x_int.o
    0x080007f6   0x080007f6   0x00000002   PAD
    0x080007f8   0x080007f8   0x00000020   Code   RO         1029    i.__0printf$1       mc_w.l(printf1.o)
    0x08000818   0x08000818   0x0000000e   Code   RO         1289    i.__scatterload_copy  mc_w.l(handlers.o)
    0x08000826   0x08000826   0x00000002   Code   RO         1290    i.__scatterload_null  mc_w.l(handlers.o)
    0x08000828   0x08000828   0x0000000e   Code   RO         1291    i.__scatterload_zeroinit  mc_w.l(handlers.o)
    0x08000836   0x08000836   0x00000002   PAD
    0x08000838   0x08000838   0x00000154   Code   RO         1036    i._printf_core      mc_w.l(printf1.o)
    0x0800098c   0x0800098c   0x00000024   Code   RO          783    i.fputc             main.o
    0x080009b0   0x080009b0   0x0000008c   Code   RO          784    i.main              main.o
    0x08000a3c   0x08000a3c   0x00000020   Data   RO         1287    Region$$Table       anon$$obj.o


    Execution Region RW_IRAM1 (Exec base: 0x20000000, Load base: 0x08000a5c, Size: 0x00000408, Max: 0x00005000, ABSOLUTE)

    Exec Addr    Load Addr    Size         Type   Attr      Idx    E Section Name        Object

    0x20000000   0x08000a5c   0x00000002   Data   RW          785    .data               main.o
    0x20000002   0x08000a5e   0x00000002   PAD
    0x20000004   0x08000a60   0x00000004   Data   RW         1261    .data               mc_w.l(stdout.o)
    0x20000008        -       0x00000400   Zero   RW           69    STACK               startup_apm32f10x_hd.o


==============================================================================

Image component sizes


      Code (inc. data)   RO Data    RW Data    ZI Data      Debug   Object Name

       180          0          0          0          0       6556   apm32f10x_gpio.o
        26          0          0          0          0       4506   apm32f10x_int.o
       252         54          0          0          0       3619   apm32f10x_rcm.o
       184          6          0          0          0       5808   apm32f10x_usart.o
       502         22          0          0          0       6763   dht11.o
       276        104          0          2          0       3987   main.o
        36          8        324          0       1024        940   startup_apm32f10x_hd.o
       324         24          0          0          0      70133   system_apm32f10x.o

    ----------------------------------------------------------------------
      1788        218        356          4       1024     102312   Object Totals
         0          0         32          0          0          0   (incl. Generated)
         8          0          0          2          0          0   (incl. Padding)

    ----------------------------------------------------------------------

      Code (inc. data)   RO Data    RW Data    ZI Data      Debug   Library Member Name

         0          0          0          0          0          0   entry.o
         0          0          0          0          0          0   entry10a.o
         0          0          0          0          0          0   entry11a.o
         4          0          0          0          0          0   entry12b.o
         8          4          0          0          0          0   entry2.o
         4          0          0          0          0          0   entry5.o
         0          0          0          0          0          0   entry7b.o
         0          0          0          0          0          0   entry8b.o
         8          4          0          0          0          0   entry9a.o
        30          0          0          0          0          0   handlers.o
        36          8          0          0          0         68   init.o
       372         14          0          0          0        184   printf1.o
         0          0          0          4          0          0   stdout.o
        44          0          0          0          0         80   uidiv.o

    ----------------------------------------------------------------------
       508         30          0          4          0        332   Library Totals
         2          0          0          0          0          0   (incl. Padding)

    ----------------------------------------------------------------------

      Code (inc. data)   RO Data    RW Data    ZI Data      Debug   Library Name

       506         30          0          4          0        332   mc_w.l

    ----------------------------------------------------------------------
       508         30          0          4          0        332   Library Totals

    ----------------------------------------------------------------------

==============================================================================


      Code (inc. data)   RO Data    RW Data    ZI Data      Debug   

      2296        248        356          8       1024     100976   Grand Totals
      2296        248        356          8       1024     100976   ELF Image Totals
      2296        248        356          8          0          0   ROM Totals

==============================================================================

    Total RO  Size (Code + RO Data)                 2652 (   2.59kB)
    Total RW  Size (RW Data + ZI Data)              1032 (   1.01kB)
    Total ROM Size (Code + RO Data + RW Data)       2660 (   2.60kB)

==============================================================================

